[check] [1/60] math_exp_01: FAIL (rel=4 elem=3 edu=2 tech=5)
[check] [2/60] math_exp_02: PASS (rel=5 elem=5 edu=4 tech=4)
[check] [3/60] math_exp_03: PASS (rel=5 elem=5 edu=5 tech=5)
[check] [4/60] math_prob_01: PASS (rel=5 elem=4 edu=5 tech=5)
[check] [5/60] math_prob_02: PASS (rel=5 elem=5 edu=5 tech=5)
[check] [6/60] phys_exp_01: PASS (rel=5 elem=4 edu=4 tech=5)
[check] [7/60] phys_exp_02: PASS (rel=5 elem=4 edu=4 tech=5)
[check] [8/60] phys_exp_03: ERROR, retrying in 5s
[check] [8/60] phys_exp_03: ERROR, retrying in 10s
[check] [8/60] phys_exp_03: ERROR, retrying in 15s
[check] [8/60] phys_exp_03: PASS (rel=5 elem=5 edu=4 tech=5)
[check] [9/60] phys_prob_01: ERROR, retrying in 5s
[check] [9/60] phys_prob_01: FAIL (rel=4 elem=3 edu=2 tech=5)
[check] [10/60] phys_prob_02: PASS (rel=5 elem=5 edu=5 tech=5)
[check] [11/60] chem_exp_01: ERROR, retrying in 5s
[check] [11/60] chem_exp_01: ERROR, retrying in 10s
[check] [11/60] chem_exp_01: FAIL (rel=5 elem=4 edu=2 tech=5)
[check] [12/60] chem_exp_02: PASS (rel=5 elem=5 edu=5 tech=5)
[check] [13/60] chem_exp_03: ERROR, retrying in 5s
[check] [13/60] chem_exp_03: FAIL (rel=4 elem=2 edu=2 tech=4)
[check] [14/60] chem_prob_01: PASS (rel=5 elem=5 edu=5 tech=5)
[check] [15/60] chem_prob_02: PASS (rel=5 elem=5 edu=5 tech=5)
[check] [16/60] bio_exp_01: PASS (rel=5 elem=5 edu=4 tech=5)
[check] [17/60] bio_exp_02: PASS (rel=5 elem=5 edu=5 tech=5)
[check] [18/60] bio_exp_03: PASS (rel=5 elem=5 edu=4 tech=5)
[check] [19/60] bio_prob_01: PASS (rel=5 elem=5 edu=5 tech=5)
[check] [20/60] bio_prob_02: PASS (rel=5 elem=4 edu=4 tech=5)
[check] [21/60] med_exp_01: PASS (rel=5 elem=5 edu=5 tech=5)
[check] [22/60] med_exp_02: PASS (rel=5 elem=4 edu=5 tech=5)
[check] [23/60] med_exp_03: PASS (rel=5 elem=5 edu=5 tech=5)
[check] [24/60] med_prob_01: PASS (rel=5 elem=5 edu=5 tech=5)
[check] [25/60] med_prob_02: PASS (rel=5 elem=5 edu=5 tech=5)
[check] [26/60] cs_exp_01: FAIL (rel=3 elem=2 edu=2 tech=4)
[check] [27/60] cs_exp_02: ERROR, retrying in 5s
[check] [27/60] cs_exp_02: ERROR, retrying in 10s
[check] [27/60] cs_exp_02: ERROR, retrying in 15s
[check] [27/60] cs_exp_02: ERROR (rel=? elem=? edu=? tech=?)
[check] [28/60] cs_exp_03: PASS (rel=5 elem=5 edu=5 tech=5)
[check] [29/60] cs_prob_01: PASS (rel=5 elem=5 edu=5 tech=5)
[check] [30/60] cs_prob_02: PASS (rel=5 elem=4 edu=5 tech=5)
[check] [31/60] hist_exp_01: PASS (rel=5 elem=4 edu=4 tech=5)
[check] [32/60] hist_exp_02: FAIL (rel=4 elem=4 edu=2 tech=4)
[check] [33/60] hist_exp_03: PASS (rel=5 elem=5 edu=4 tech=4)
[check] [34/60] hist_prob_01: FAIL (rel=2 elem=3 edu=2 tech=5)
[check] [35/60] hist_prob_02: PASS (rel=5 elem=4 edu=4 tech=4)
[check] [36/60] geo_exp_01: PASS (rel=5 elem=4 edu=5 tech=5)
[check] [37/60] geo_exp_02: FAIL (rel=4 elem=4 edu=3 tech=5)
[check] [38/60] geo_exp_03: PASS (rel=5 elem=4 edu=4 tech=5)
[check] [39/60] geo_prob_01: FAIL (rel=3 elem=3 edu=1 tech=4)
[check] [40/60] geo_prob_02: PASS (rel=5 elem=5 edu=4 tech=5)
[check] [41/60] econ_exp_01: FAIL (rel=3 elem=2 edu=1 tech=4)
[check] [42/60] econ_exp_02: PASS (rel=5 elem=5 edu=5 tech=5)
[check] [43/60] econ_exp_03: FAIL (rel=5 elem=4 edu=3 tech=5)
[check] [44/60] econ_prob_01: ERROR, retrying in 5s
[check] [44/60] econ_prob_01: ERROR, retrying in 10s
[check] [44/60] econ_prob_01: ERROR, retrying in 15s
[check] [44/60] econ_prob_01: FAIL (rel=5 elem=3 edu=2 tech=4)
[check] [45/60] econ_prob_02: FAIL (rel=5 elem=3 edu=2 tech=5)
[check] [46/60] civ_exp_01: PASS (rel=5 elem=5 edu=5 tech=5)
[check] [47/60] civ_exp_02: ERROR, retrying in 5s
[check] [47/60] civ_exp_02: PASS (rel=5 elem=4 edu=4 tech=4)
[check] [48/60] civ_exp_03: PASS (rel=5 elem=5 edu=5 tech=5)
[check] [49/60] civ_prob_01: PASS (rel=5 elem=5 edu=5 tech=4)
[check] [50/60] civ_prob_02: FAIL (rel=5 elem=3 edu=2 tech=5)
[check] [51/60] lang_exp_01: ERROR, retrying in 5s
[check] [51/60] lang_exp_01: ERROR, retrying in 10s
[check] [51/60] lang_exp_01: FAIL (rel=5 elem=4 edu=4 tech=3)
[check] [52/60] lang_exp_02: FAIL (rel=4 elem=2 edu=2 tech=4)
[check] [53/60] lang_exp_03: PASS (rel=5 elem=5 edu=5 tech=5)
[check] [54/60] lang_prob_01: FAIL (rel=4 elem=2 edu=2 tech=4)
[check] [55/60] lang_prob_02: PASS (rel=5 elem=5 edu=4 tech=4)
[check] [56/60] art_exp_01: ERROR, retrying in 5s
[check] [56/60] art_exp_01: FAIL (rel=5 elem=4 edu=3 tech=3)
[check] [57/60] art_exp_02: ERROR, retrying in 5s
[check] [57/60] art_exp_02: PASS (rel=5 elem=5 edu=5 tech=5)
[check] [58/60] art_exp_03: FAIL (rel=5 elem=4 edu=3 tech=3)
[check] [59/60] art_prob_01: FAIL (rel=4 elem=2 edu=2 tech=4)
[check] [60/60] art_prob_02: PASS (rel=5 elem=5 edu=5 tech=5)

[check] DONE — 60 checked, 39 PASS, 21 FAIL
[check] Failed IDs need regeneration. See data/first_frames/check_report_gpt_norm_20260601_180630.jsonl
