[regen-gpt_norm_20260601_180630] 39 FAIL cases via gpt-image-1 (1536x1024, q=high)
[regen-gpt_norm_20260601_180630] backed up 39 originals -> data/first_frames/_backup_before_gpt_norm_20260601_180630
[regen-gpt_norm_20260601_180630] [1/39] math_exp_01: ok in 60.6s (wall 1.0m, 1811KB)
[regen-gpt_norm_20260601_180630] [2/39] math_exp_03: ok in 51.4s (wall 1.9m, 2511KB)
[regen-gpt_norm_20260601_180630] [3/39] math_prob_01: ok in 43.7s (wall 2.6m, 1860KB)
[regen-gpt_norm_20260601_180630] [4/39] math_prob_02: ok in 52.3s (wall 3.5m, 2063KB)
[regen-gpt_norm_20260601_180630] [5/39] phys_exp_01: ok in 47.2s (wall 4.3m, 1806KB)
[regen-gpt_norm_20260601_180630] [6/39] phys_prob_01: ok in 62.4s (wall 5.3m, 1991KB)
[regen-gpt_norm_20260601_180630] [7/39] chem_exp_01: ok in 49.1s (wall 6.1m, 1827KB)
[regen-gpt_norm_20260601_180630] [8/39] chem_exp_03: ok in 45.0s (wall 6.9m, 1930KB)
[regen-gpt_norm_20260601_180630] [9/39] bio_exp_03: ok in 44.4s (wall 7.6m, 2006KB)
[regen-gpt_norm_20260601_180630] [10/39] bio_prob_02: ok in 49.9s (wall 8.4m, 2308KB)
[regen-gpt_norm_20260601_180630] [11/39] med_exp_01: ok in 44.4s (wall 9.2m, 2008KB)
[regen-gpt_norm_20260601_180630] [12/39] med_exp_02: ok in 45.4s (wall 9.9m, 2455KB)
[regen-gpt_norm_20260601_180630] [13/39] med_exp_03: ok in 48.2s (wall 10.7m, 2275KB)
[regen-gpt_norm_20260601_180630] [14/39] med_prob_02: ok in 50.1s (wall 11.6m, 1899KB)
[regen-gpt_norm_20260601_180630] [15/39] cs_exp_01: ok in 72.0s (wall 12.8m, 2296KB)
[regen-gpt_norm_20260601_180630] [16/39] cs_exp_02: ok in 45.7s (wall 13.5m, 2016KB)
[regen-gpt_norm_20260601_180630] [17/39] cs_exp_03: ok in 48.4s (wall 14.3m, 1873KB)
[regen-gpt_norm_20260601_180630] [18/39] cs_prob_02: ok in 51.8s (wall 15.2m, 2094KB)
[regen-gpt_norm_20260601_180630] [19/39] hist_exp_02: ok in 51.6s (wall 16.1m, 2803KB)
[regen-gpt_norm_20260601_180630] [20/39] hist_exp_03: ok in 69.5s (wall 17.2m, 2724KB)
[regen-gpt_norm_20260601_180630] [21/39] hist_prob_01: ok in 45.8s (wall 18.0m, 2063KB)
[regen-gpt_norm_20260601_180630] [22/39] hist_prob_02: ok in 62.5s (wall 19.0m, 2322KB)
[regen-gpt_norm_20260601_180630] [23/39] geo_exp_01: ok in 46.6s (wall 19.8m, 2374KB)
[regen-gpt_norm_20260601_180630] [24/39] geo_exp_02: ok in 52.7s (wall 20.7m, 2302KB)
[regen-gpt_norm_20260601_180630] [25/39] geo_prob_01: ok in 50.3s (wall 21.5m, 2218KB)
[regen-gpt_norm_20260601_180630] [26/39] geo_prob_02: ok in 43.4s (wall 22.2m, 1957KB)
[regen-gpt_norm_20260601_180630] [27/39] econ_exp_01: ok in 46.5s (wall 23.0m, 1783KB)
[regen-gpt_norm_20260601_180630] [28/39] econ_exp_02: ok in 45.6s (wall 23.8m, 2136KB)
[regen-gpt_norm_20260601_180630] [29/39] econ_exp_03: ok in 53.8s (wall 24.7m, 2061KB)
[regen-gpt_norm_20260601_180630] [30/39] econ_prob_01: ok in 46.6s (wall 25.4m, 2060KB)
[regen-gpt_norm_20260601_180630] [31/39] econ_prob_02: ok in 46.4s (wall 26.2m, 2340KB)
[regen-gpt_norm_20260601_180630] [32/39] civ_prob_02: ok in 58.3s (wall 27.2m, 2103KB)
[regen-gpt_norm_20260601_180630] [33/39] lang_exp_01: ok in 54.8s (wall 28.1m, 1888KB)
[regen-gpt_norm_20260601_180630] [34/39] lang_exp_02: ok in 58.7s (wall 29.1m, 2255KB)
[regen-gpt_norm_20260601_180630] [35/39] lang_prob_01: ok in 40.5s (wall 29.8m, 1894KB)
[regen-gpt_norm_20260601_180630] [36/39] art_exp_01: ERR BadRequestError: Error code: 400 - {'error': {'message': 'Your request was rejected by the safety sy
[regen-gpt_norm_20260601_180630] [37/39] art_exp_02: ok in 46.9s (wall 31.4m, 2017KB)
[regen-gpt_norm_20260601_180630] [38/39] art_exp_03: ok in 47.7s (wall 32.2m, 2096KB)
[regen-gpt_norm_20260601_180630] [39/39] art_prob_01: ok in 47.9s (wall 33.0m, 1942KB)
[regen-gpt_norm_20260601_180630] DONE — 33.0 min, 38 ok, 1 err, manifest @ data/first_frames/manifest_regen_gpt_norm_20260601_180630.jsonl
