[regen-gpt_retry2_20260601_185724] 21 FAIL cases via gpt-image-1 (1536x1024, q=high)
[regen-gpt_retry2_20260601_185724] backed up 21 originals -> data/first_frames/_backup_before_gpt_retry2_20260601_185724
[regen-gpt_retry2_20260601_185724] [1/21] math_exp_01: ok in 104.2s (wall 1.7m, 1193KB)
[regen-gpt_retry2_20260601_185724] [2/21] phys_prob_01: ok in 55.4s (wall 2.7m, 2131KB)
[regen-gpt_retry2_20260601_185724] [3/21] chem_exp_01: ok in 55.1s (wall 3.6m, 1768KB)
[regen-gpt_retry2_20260601_185724] [4/21] chem_exp_03: ok in 66.2s (wall 4.7m, 1802KB)
[regen-gpt_retry2_20260601_185724] [5/21] cs_exp_01: ok in 42.2s (wall 5.4m, 1898KB)
[regen-gpt_retry2_20260601_185724] [6/21] cs_exp_02: ok in 49.3s (wall 6.2m, 1921KB)
[regen-gpt_retry2_20260601_185724] [7/21] hist_exp_02: ok in 54.2s (wall 7.1m, 2247KB)
[regen-gpt_retry2_20260601_185724] [8/21] hist_prob_01: ok in 45.7s (wall 7.9m, 1910KB)
[regen-gpt_retry2_20260601_185724] [9/21] geo_exp_02: ok in 45.3s (wall 8.6m, 2162KB)
[regen-gpt_retry2_20260601_185724] [10/21] geo_prob_01: ok in 47.8s (wall 9.4m, 2212KB)
[regen-gpt_retry2_20260601_185724] [11/21] econ_exp_01: ok in 44.2s (wall 10.2m, 1673KB)
[regen-gpt_retry2_20260601_185724] [12/21] econ_exp_03: ok in 51.2s (wall 11.0m, 1954KB)
[regen-gpt_retry2_20260601_185724] [13/21] econ_prob_01: ok in 47.2s (wall 11.8m, 2000KB)
[regen-gpt_retry2_20260601_185724] [14/21] econ_prob_02: ok in 45.4s (wall 12.6m, 2200KB)
[regen-gpt_retry2_20260601_185724] [15/21] civ_prob_02: ok in 55.7s (wall 13.5m, 2155KB)
[regen-gpt_retry2_20260601_185724] [16/21] lang_exp_01: ok in 43.4s (wall 14.2m, 1979KB)
[regen-gpt_retry2_20260601_185724] [17/21] lang_exp_02: ok in 55.4s (wall 15.1m, 1970KB)
[regen-gpt_retry2_20260601_185724] [18/21] lang_prob_01: ok in 48.0s (wall 15.9m, 1832KB)
[regen-gpt_retry2_20260601_185724] [19/21] art_exp_01: ok in 51.7s (wall 16.8m, 2833KB)
[regen-gpt_retry2_20260601_185724] [20/21] art_exp_03: ok in 47.6s (wall 17.6m, 2229KB)
[regen-gpt_retry2_20260601_185724] [21/21] art_prob_01: ok in 40.4s (wall 18.3m, 1892KB)
[regen-gpt_retry2_20260601_185724] DONE — 18.3 min, 21 ok, 0 err, manifest @ data/first_frames/manifest_regen_gpt_retry2_20260601_185724.jsonl
